8
1 0 -1
2 5  1
3 2  1
4 5  1
5 8  4
6 10 2
7 11 5
8 10 3
